
> vite-react-typescript-starter@0.0.0 build
> vite build

vite v5.4.19 building for production...
transforming...
✓ 3592 modules transformed.
rendering chunks...
computing gzip size...
dist/index.html                     0.61 kB │ gzip:   0.38 kB
dist/assets/index-BZKU13pQ.css    154.22 kB │ gzip:  20.50 kB
dist/assets/index-DgjgUP48.js   2,571.14 kB │ gzip: 714.04 kB

(!) Some chunks are larger than 500 kB after minification. Consider:
- Using dynamic import() to code-split the application
- Use build.rollupOptions.output.manualChunks to improve chunking: https://rollupjs.org/configuration-options/#output-manualchunks
- Adjust chunk size limit for this warning via build.chunkSizeWarningLimit.
✓ built in 21.82s
